#Givetherulesinfollowingformat
0=൦
1=൧
2=൨
3=൩
4=൪
5=൫
6=൬
7=൭
8=൮
9=൯
w=ം
x=ഃ
A=അ
B=ആ
C=ഇ
Cu=ഈ
D=ഉ
Du=ഊ
E = ഋ
\p=നു 
F=എ
G=ഏ
sF=ഐ
H=ഒ
Hm=ഓ
Hu = ഔ
I=ക
J=ഖ
K=ഗ
L=ഘ
M=ങ
N=ച
O=ഛ
P=ജ
Q=ഝ
R=ഞ
S=ട
T=ഠ
U=ഡ
V=ഢ
W=ണ
X=ത
Y=ഥ
Z=ദ
[=ധ
\=ന
]=പ
^=ഫ
_=ബ
`=ഭ
a=മ
b=യ
c=ര
d=റ
e=ല
f=ള
g=ഴ
h=വ
i=ശ
j=ഷ
k=സ
l=ഹ
m=ാ
n=ി
o=ീ
p=ു
q=ൂ
r=ൃ
s=െ
t=േ
ss=ൈ
sm=ൊ
tm=ോ
su=ൌ
v=്‌
u=ൗ
y = ്യ
z = ്വ
{ = ്ര
| = ്യു
} = ്യൂ
~ =  ~
¤ =  ഗ്ഗ
¦ =  ങ്ക
¨ =  ച്ച
¡=ക്ക
¡=ക്ക
¢=ക്ല
£=ക്ഷ
#€=ഗ്ഗ
¥=ഗ്ല
#Š=ങ്ക
§=ങ്ങ
#š=ച്ച
©=ഞ്ച
ª=ഞ്ഞ
«=ട്ട
¬=ണ്‍
­=ണ്ട
®=ണ്ണ
¯=ത്ത
°=ത്ഥ
±=ദ്ദ
²=ദ്ധ
³=ന്‍
´ =ന്ത
µ=ന്ദ
¶=ന്ന
·=ന്മ
¸ = പ്പ
#ž=പ്പ
¹=പ്ല
º=ബ്ബ
»=ബ്ല
¼ =മ്പ
½ =മ്മ
¾ =മ്ല
#Œ=മ്പ
#œ=മ്മ
#Ÿ=മ്ല
¿=യ്യ
À=ര്‍
Á=റ്റ
Â=ല്‍
Ã=ല്ല
Ä=ള്‍
Å=ള്ള
Æ=വ്വ
Ç=ശ്ല
È=ശ്ശ
É=സ്ല
Ê=സ്സ
Ë=ഹ്ല
Ì=സ്റ്റ
Í=ഡ്ഡ
Î=ക്ട
Ï=ബ്ധ
Ð=ബ്ദ
Ñ=ച്ഛ
Ò=ഹ്മ
Ó=ഹ്ന
Ô=ന്ധ
Õ=ത്സ
Ö=ജ്ജ
×=ണ്മ
Ø=സ്ഥ
Ù=ന്ഥ
Ú=ജ്ഞ
Û=ത്ഭ
Ü=ഗ്മ
Ý=ശ്ച
Þ=ണ്ഡ
ß=ത്മ
à=ക്ത
á=ഗ്ന
â=ന്റ
ã=ഷ്ട
ä=റ്റ
#å=ന്
å=ല്<200d>പ
æ=കു
ç=ക്കു
è=ങ്കു
é=ണു
ê=രു
ë=നു
ì=ന്നു
í=യ്<200c>ക്ക
ï=ണ്ട
∙=ന്മ
ð=ല്<200d>
ñ=ല്ല
ò=ന്മ
ó=ന്ന
y=്യ
z=്വ
{=്ര
##--fromhereaddedbynishan##
ð=ല്‍
ï=ണ്ട
ñ=ല്ല
ò=ന്മ
´=ന്ത
¸=പ്പ
¨=ച്ച
¦=ങ്ക
¼=മ്പ
½=മ്മ
¤=ഗ്ഗ
ô=ഞ്ച
þ=-
∂=ന്ന
s³d=ന്റെ
