ªè=கெ
ªé=ஙெ
ªê=செ
ªë=ஞெ
ªì=டெ
ªí=ணெ
ªî=தெ
ªï=நெ
ªð=பெ
ªñ=மெ
ªò=யெ
ªó=ரெ
ªô=லெ
ªõ=வெ
ªö=ழெ
ª÷=ளெ
ªø=றெ
ªù=னெ
ªú=ஸெ
ªû=ஷெ
ªü=ஜெ
ªý=ஹெ
ªþ=க்ஷெ
«è=கே
«é=ஙே
«ê=சே
«ë=ஞே
«ì=டே
«í=ணே
«î=தே
«ï=நே
«ð=பே
«ñ=மே
«ò=யே
«ó=ரே
«ô=லே
«õ=வே
«ö=ழே
«÷=ளே
«ø=றே
«ù=னே
«ú=ஸே
«û=ஷே
«ü=ஜே
«ý=ஹே
«þ=க்ஷே
¬è=கை
¬é=ஙை
¬ê=சை
¬ë=ஞை
¬ì=டை
¬í=ணை
¬î=தை
¬ï=நை
¬ð=பை
¬ñ=மை
¬ò=யை
¬ó=ரை
¬ô=லை
¬õ=வை
¬ö=ழை
¬÷=ளை
¬ø=றை
¬ù=னை
¬ú=ஸை
¬û=ஷை
¬ü=ஜை
¬ý=ஹை
¬þ=க்ஷை
ªè£=கொ
ªé£=ஙொ
ªê£=சொ
ªë£=ஞொ
ªì£=டொ
ªí£=ணொ
ªî£=தொ
ªï£=நொ
ªð£=பொ
ªñ£=மொ
ªò£=யொ
ªó£=ரொ
ªô£=லொ
ªõ£=வொ
ªö£=ழொ
ª÷£=ளொ
ªø£=றொ
ªù£=னொ
ªú£=ஸொ
ªû£=ஷொ
ªü£=ஜொ
ªý£=ஹொ
ªþ£=க்ஷொ
«è£=கோ
«é£=ஙோ
«ê£=சோ
«ë£=ஞோ
«ì£=டோ
«í£=ணோ
«î£=தோ
«ï£=நோ
«ð£=போ
«ñ£=மோ
«ò£=யோ
«ó£=ரோ
«ô£=லோ
«õ£=வோ
«ö£=ழோ
«÷£=ளோ
«ø£=றோ
«ù£=னோ
«ú£=ஸோ
«û£=ஷோ
«ü£=ஜோ
«ý£=ஹோ
«þ£=க்ஷோ
ªè÷=கௌ
ªé÷=ஙௌ
ªê÷=சௌ
ªë÷=ஞௌ
ªì÷=டௌ
ªí÷=ணௌ
ªî÷=தௌ
ªï÷=நௌ
ªð÷=பௌ
ªñ÷=மௌ
ªò÷=யௌ
ªó÷=ரௌ
ªô÷=லௌ
ªõ÷=வௌ
ªö÷=ழௌ
ª÷÷=ளௌ
ªø÷=றௌ
ªù÷=னௌ
ªú÷=ஸௌ
ªû÷=ஷௌ
ªü÷=ஜௌ
ªý÷=ஹௌ
ªþ÷=க்ஷௌ
A=கி
B=ஙி
C=சி
D=ஞி
E=ணி
F=தி
G=நி
H=பி
I=மி
J=யி
K=ரி
L=லி
M=வி
N=ழி
O=ளி
P=றி
Q=னி
R=ஸி
S=ஷி
T=ஜி
U=ஹி
V=க்ஷி
®=டி
¯=டீ
W=கீ
X=ஙீ
Y=சீ
Z=ஞீ
a=ணீ
b=தீ
c=நீ
d=பீ
e=மீ
f=யீ
g=ரீ
h=லீ
i=வீ
j=ழீ
k=ளீ
l=றீ
m=னீ
n=ஸீ
o=ஷீ
p=ஜீ
q=ஹீ
r=க்ஷீ
‚=க்
ƒ=ங்
„=ச்
…=ஞ்
†=ட்
‡=ண்
ˆ=த்
‰=ந்
Š=ப்
‹=ம்
Œ=ய்
˜=ர்
™=ல்
š=வ்
›=ழ்
œ=ள்
Ÿ=ற்
¡=ன்
v=ஸ்
w=ஷ்
x=ஜ்
y=ஹ்
z=க்ஷ்
Ö=லூ
×=வூ
Ø=ழூ
Ù=ளூ
Ú=நூ
Û=னூ
Ã=கூ
Ä=ஙூ
Å=சூ
Æ=ஞூ
Ç=டூ
È=ணூ
É=தூ
Ë=நூ
Ì=பூ
Í=மூ
Î=யூ
Ï=ரூ
°=கு
±=ஙு
²=சு
³=ஞு
´=டு
µ=ணு
¶=து
¸=நு
¹=பு
º=மு
»=யு
¼=ரு
½=லு
¾=வு
¿=ழு
À=ளு
Á=று
Â=னு
Ü=அ
Ý=ஆ
Þ=இ
ß=ஈ
à=உ
á=ஊ
â=எ
ã=ஏ
ä=ஐ
å=ஒ
æ=ஓ
è=க
é=ங
ê=ச
ë=ஞ
ì=ட
í=ண
î=த
ï=ந
ð=ப
ñ=ம
ò=ய
ó=ர
ô=ல
õ=வ
ö=ழ
÷=ள
ø=ற
ù=ன
ú=ஸ
û=ஷ
ü=ஜ
ý=ஹ
þ=க்ஷ
ÿ=ஸ்ரீ
§=ு
ª=ெ
«=ே
¬=ை
ç=ஃ
£=ா